
> happy-birthday-monira@0.0.0 build
> vite build

[36mvite v7.3.1 [32mbuilding client environment for production...[36m[39m
transforming...
[32mΓ£ô[39m 328 modules transformed.
node.exe : [31mΓ£ù[39m Build failed in 415ms
At line:1 char:1
+ & "C:\Program Files\nodejs/node.exe" 
"C:\Program Files\nodejs/node_mo ...
+ ~~~~~~~~~~~~~~~~~~~~~~~~~~~~~~~~~~~~~~~~~~~~~
~~~~~~~~~~~~~~~~~~~~~~~~
    + CategoryInfo          : NotSpecified: ( 
   [31mΓ£ù[39m Build failed in 415ms:String)  
   [], RemoteException
    + FullyQualifiedErrorId : NativeCommandErr 
   or
 
[31merror during build:
[31m[vite:load-fallback] Could not load 
H:\PH\Birthday Project\Happy Birthday Monira\sr
c/assets/lottie/Gift_Box_Lottie_Animation.json 
(imported by 
src/components/steps/StepGift.jsx): ENOENT: no 
such file or directory, open 'H:\PH\Birthday 
Project\Happy Birthday Monira\src\assets\lottie
\Gift_Box_Lottie_Animation.json'[31m
    at async open 
(node:internal/fs/promises:642:25)
    at async Object.readFile 
(node:internal/fs/promises:1279:14)
    at async Object.handler (file:///H:/PH/Birt
hday%20Project/Happy%20Birthday%20Monira/node_m
odules/vite/dist/node/chunks/config.js:33169:21
)
    at async 
PluginDriver.hookFirstAndGetPlugin (file:///H:/
PH/Birthday%20Project/Happy%20Birthday%20Monira
/node_modules/rollup/dist/es/shared/node-entry.
js:22453:28)
    at async file:///H:/PH/Birthday%20Project/H
appy%20Birthday%20Monira/node_modules/rollup/di
st/es/shared/node-entry.js:21453:33
    at async Queue.work (file:///H:/PH/Birthday
%20Project/Happy%20Birthday%20Monira/node_modul
es/rollup/dist/es/shared/node-entry.js:22681:32
)[39m
